Refinement program                                                                                                  page=  1
structure :                                                                                                20:51:38 18-02-21 

The following lines were read as a control data : 
=>cycles 50 autkeys 0 dolebail 1<=                                                   

******************
* Run parameters *
******************

Profile refinement (le Bail) in 50 cycles will be performed
The refinement will stop if max(change/s.u.)<0.05
The damping factor will be reduced by the factor 2 if wRp is larger by more than 10% from the previous value
In the case that in 3 consecutive cycles refinement converge, the damping factor will change back
Atoms reaching Uiso>0.2 will be disabled from the refinement
Calculation of sig(I) is as minimum from profile fit and error propagation formula                                              
Only not-matching reflections flagged by # (see below) will be printed
Print of reflections after last cycle of refinement
Reflections with I<3sig(I) will be classified as unobserved - flag *
Reflections with |Fo-Fc|>3sig(I) will be flagged by #
Correlations larger than 0.9 will be printed
Automatic procedure for setting of refinement keys will be applied

*********************
* Powder parameters *
*********************

5 terms of Legendre polynoms will be used to describe background
Pseudo-Voigt profile function
The profile is cut outside 8*FWHM range
Weighting function will be used during leBail decomposition

*************
* Radiation *
*************

Radiation type: X-rays synchrotron
Wave length:   0.41300

******************
* Structure data *
******************

Cell parameters       :     4.8239    4.7121    4.8792    91.250    88.038    86.831    Volume :      110.6
Reciprocal parameters :   0.207749  0.212603  0.205130    88.638    92.034    93.214    Volume :   0.009038

Non-centrosymmetric space group: P1  Number : 1

List of centring vectors:

  0.000000  0.000000  0.000000

Symmetry operators:

     x    y    z
Refinement program                                                                                                  page=  2
structure :                                                                                                20:51:38 18-02-21 


                           Source and type of used form-factors

La       -1.225   0.946          Atomic scattering tables - in steps as in IT, vol.C
                                   57.0000  56.9260  56.7080  56.3600  55.9000  55.3510  54.7360  54.0760
                                   53.3880  52.6870  51.9820  51.2780  50.5800  49.8880  49.2020  48.5230
                                   47.8490  47.1820  46.5190  45.8620  45.2120  43.9320  42.6860  42.0780
                                   41.4810  40.3210  39.2120  38.1530  37.1450  36.6590  36.1850  35.2700
                                   34.3970  33.5620  32.7600  32.3700  31.9880  31.2430  30.5230  28.8170
                                   27.2310  25.7590  24.4010  22.0310  20.1060  18.5610  17.3000  16.2270
                                   15.2650  14.3620  13.4890  12.6360  11.8070  11.0090  10.2530   9.5500
                                    6.9170   5.5500   4.8200   4.2700   3.2400   2.4100

H         0.000   0.000          Atomic scattering tables - in steps as in IT, vol.C
                                    1.0000   0.9924   0.9704   0.9352   0.8892   0.8350   0.7752   0.7125
                                    0.6492   0.5871   0.5277   0.4201   0.3301   0.2573   0.1998   0.1552
                                    0.1208   0.0945   0.0744   0.0592   0.0474   0.0383   0.0311   0.0254
                                    0.0208   0.0171   0.0140   0.0116   0.0096   0.0080   0.0066   0.0056
                                    0.0047   0.0040   0.0035   0.0031   0.0027   0.0025   0.0022   0.0020
                                    0.0018   0.0016   0.0015   0.0013   0.0011   0.0010   0.0000   0.0000
                                    0.0000   0.0000   0.0000   0.0000   0.0000   0.0000   0.0000   0.0000
                                    0.0000   0.0000   0.0000   0.0000   0.0000   0.0000


F(000)  for X-rays    :     556.0000
F(000)  for neutrons  :    -307.9801


*************************************
* User defined constrains/restrains *
*************************************

None

******************************
* User defined keep commands *
******************************

None

Last screen information window:

--------------------------------------------------------------------------
|Profile R factors :[2007/11+1],    Damping factor:   1.0000             |
|GOF   =  1.33 Rp    = 10.17 wRp    = 17.55                              |
|Last wRp: 17.50 17.51 17.52 17.52 17.53 17.53 17.54 17.55               |
|Maximum change/s.u. :   -0.6711 for alpha                               |
--------------------------------------------------------------------------




Refinement program                                                                                                  page=  3
structure :                                                                                                20:51:38 18-02-21 


**********************
* R-factors overview *
**********************

Cycle    Rp      wRp     cRp    cwRp   npnts   nppwd      np  npnts/np    damp   gof av ch/su       max ch/su                   
 45    10.20   17.52    8.89   12.95    2007      11      12   167.250 1.0000   1.33   0.5292    -0.5981 alpha                  
 46    10.19   17.53    8.88   12.93    2007      11      12   167.250 1.0000   1.33   0.5165    -0.5886 alpha                  
 47    10.18   17.53    8.87   12.92    2007      11      12   167.250 1.0000   1.33   0.5039    -0.5792 alpha                  
 48    10.19   17.54    8.87   12.91    2007      11      12   167.250 1.0000   1.33   0.4970    -0.6344 alpha                  
 49    10.18   17.55    8.86   12.90    2007      11      12   167.250 1.0000   1.33   0.4935    -0.6711 alpha                  
 50    10.17   17.55    8.85   12.89    2007      11      12   167.250                                                          








































Refinement program                                                                                                  page=  4
structure :                                                                                                20:51:38 18-02-21 


********************
* Changes overview *
********************

More realisitic s.u.'s can be achieved by applying the Berar's factor :    5.151
The correction hasn't been applied

           PrfScale
  45        0.097317*  3.10
  46        0.097333*  3.07
  47        0.097347*  3.04
  48        0.097357*  3.03
  49        0.097365*  3.01
  50        0.097377
  su        0.000213
================================================================================================================================
           TOverall   sclam/2
  45        0.000000  0.000000   0.00
  46        0.000000  0.000000   0.00
  47        0.000000  0.000000   0.00
  48        0.000000  0.000000   0.00
  49        0.000000  0.000000   0.00
  50        0.000000  0.000000
  su        0.000000  0.000000
================================================================================================================================
             shift     sycos     sysin
  45        0.000000  0.000000  0.000000   0.00
  46        0.000000  0.000000  0.000000   0.00
  47        0.000000  0.000000  0.000000   0.00
  48        0.000000  0.000000  0.000000   0.00
  49        0.000000  0.000000  0.000000   0.00
  50        0.000000  0.000000  0.000000
  su        0.000000  0.000000  0.000000
================================================================================================================================
             bckg1     bckg2     bckg3     bckg4     bckg5
  45       -8.364789 -12.51251*-2.961797  7.133666  6.782130  -0.49
  46       -8.394972 -12.57312*-2.976852  7.180926  6.815747  -0.46
  47       -8.421570 -12.62934*-2.991506  7.225849  6.847401  -0.40
  48       -8.446568 -12.67835*-3.006841  7.266382  6.881308  -0.38
  49       -8.468735 -12.72561*-3.017572  7.308094  6.910386  -0.36
  50       -8.488767 -12.76954 -3.028100  7.349041  6.939538
  su        0.110266   0.12317  0.159001  0.130216  0.142083
================================================================================================================================








Refinement program                                                                                                  page=  5
structure :                                                                                                20:51:38 18-02-21 

               a         b         c       alpha     beta      gamma     Volume    Density
  45        4.754540  4.673784  4.872828  91.23839* 88.12875  86.75089  108.0209  18.63216  -0.60
  46        4.754083  4.673471  4.872770  91.22784* 88.12971  86.75131  108.0026  18.63532  -0.59
  47        4.753664  4.673158  4.872713  91.21745* 88.13094  86.75203  107.9852  18.63832  -0.58
  48        4.753270  4.672850  4.872658  91.20721* 88.13231  86.75285  107.9685  18.64120  -0.63
  49        4.752865  4.672568  4.872603  91.19596* 88.13366  86.75359  107.9522  18.64400  -0.67
  50        4.752455  4.672299  4.872546  91.18404  88.13503  86.75420  107.9361  18.64680
  su        0.000832  0.000765  0.000442   0.01776   0.01418   0.01480    0.0208   0.00359
================================================================================================================================
              GU        GV        GW        GP
  45        1740.180 -758.7977  5.000000  0.000000   0.00
  46        1740.180 -758.7977  5.000000  0.000000   0.00
  47        1740.180 -758.7977  5.000000  0.000000   0.00
  48        1740.180 -758.7977  5.000000  0.000000   0.00
  49        1740.180 -758.7977  5.000000  0.000000   0.00
  50        1740.180 -758.7977  5.000000  0.000000
  su           0.000    0.0000  0.000000  0.000000
================================================================================================================================
              LX        LXe       LY        LYe
  45        0.000000  0.000000  77.71808  0.000000   0.00
  46        0.000000  0.000000  77.71808  0.000000   0.00
  47        0.000000  0.000000  77.71808  0.000000   0.00
  48        0.000000  0.000000  77.71808  0.000000   0.00
  49        0.000000  0.000000  77.71808  0.000000   0.00
  50        0.000000  0.000000  77.71808  0.000000
  su        0.000000  0.000000   0.00000  0.000000
================================================================================================================================

There were no correlations larger than  0.900 in the last refinement cycle























Refinement program                                                                                                  page=  6
structure :                                                                                                20:51:38 18-02-21 



Program started at 20:51:39 ended   at 20:52:20 cpu time :     32.44

















































