Refinement program                                                                                                  page=  1
structure :                                                                                                22:33:38 18-02-21 

The following lines were read as a control data : 
=>cycles 5 autkeys 0 dolebail 1<=                                                    

******************
* Run parameters *
******************

Profile refinement (le Bail) in 5 cycles will be performed
The refinement will stop if max(change/s.u.)<0.05
The damping factor will be reduced by the factor 2 if wRp is larger by more than 10% from the previous value
In the case that in 3 consecutive cycles refinement converge, the damping factor will change back
Atoms reaching Uiso>0.2 will be disabled from the refinement
Calculation of sig(I) is as minimum from profile fit and error propagation formula                                              
Only not-matching reflections flagged by # (see below) will be printed
Print of reflections after last cycle of refinement
Reflections with I<3sig(I) will be classified as unobserved - flag *
Reflections with |Fo-Fc|>3sig(I) will be flagged by #
Correlations larger than 0.9 will be printed
Automatic procedure for setting of refinement keys will be applied

*********************
* Powder parameters *
*********************

5 terms of Legendre polynoms will be used to describe background
Pseudo-Voigt profile function
The profile is cut outside 8*FWHM range
Weighting function will be used during leBail decomposition

*************
* Radiation *
*************

Radiation type: X-rays synchrotron
Wave length:   0.41300

******************
* Structure data *
******************

Cell parameters       :     4.8468    4.8468    4.8468    90.000    90.000    90.000    Volume :      113.9
Reciprocal parameters :   0.206324  0.206324  0.206324    90.000    90.000    90.000    Volume :   0.008783

Centrosymmetric space group: Fm-3m  Number : 225

List of centring vectors:

  0.000000  0.000000  0.000000
  0.000000  0.500000  0.500000
  0.500000  0.000000  0.500000
  0.500000  0.500000  0.000000

Refinement program                                                                                                  page=  2
structure :                                                                                                22:33:38 18-02-21 


Symmetry operators:

     x    y    z
    -x   -y    z
    -x    y   -z
     x   -y   -z
     z    x    y
     z   -x   -y
    -z   -x    y
    -z    x   -y
     y    z    x
    -y    z   -x
     y   -z   -x
    -y   -z    x
     y    x   -z
    -y   -x   -z
     y   -x    z
    -y    x    z
     x    z   -y
    -x    z    y
    -x   -z   -y
     x   -z    y
     z    y   -x
     z   -y    x
    -z    y    x
    -z   -y   -x
    -x   -y   -z
     x    y   -z
     x   -y    z
    -x    y    z
    -z   -x   -y
    -z    x    y
     z    x   -y
     z   -x    y
    -y   -z   -x
     y   -z    x
    -y    z    x
     y    z   -x
    -y   -x    z
     y    x    z
    -y    x   -z
     y   -x   -z
    -x   -z    y
     x   -z   -y
     x    z    y
    -x    z   -y
    -z   -y    x
    -z    y   -x
     z   -y   -x
     z    y    x

Refinement program                                                                                                  page=  3
structure :                                                                                                22:33:38 18-02-21 


                           Source and type of used form-factors

La       -1.225   0.946          Atomic scattering tables - in steps as in IT, vol.C
                                   57.0000  56.9260  56.7080  56.3600  55.9000  55.3510  54.7360  54.0760
                                   53.3880  52.6870  51.9820  51.2780  50.5800  49.8880  49.2020  48.5230
                                   47.8490  47.1820  46.5190  45.8620  45.2120  43.9320  42.6860  42.0780
                                   41.4810  40.3210  39.2120  38.1530  37.1450  36.6590  36.1850  35.2700
                                   34.3970  33.5620  32.7600  32.3700  31.9880  31.2430  30.5230  28.8170
                                   27.2310  25.7590  24.4010  22.0310  20.1060  18.5610  17.3000  16.2270
                                   15.2650  14.3620  13.4890  12.6360  11.8070  11.0090  10.2530   9.5500
                                    6.9170   5.5500   4.8200   4.2700   3.2400   2.4100

H         0.000   0.000          Atomic scattering tables - in steps as in IT, vol.C
                                    1.0000   0.9924   0.9704   0.9352   0.8892   0.8350   0.7752   0.7125
                                    0.6492   0.5871   0.5277   0.4201   0.3301   0.2573   0.1998   0.1552
                                    0.1208   0.0945   0.0744   0.0592   0.0474   0.0383   0.0311   0.0254
                                    0.0208   0.0171   0.0140   0.0116   0.0096   0.0080   0.0066   0.0056
                                    0.0047   0.0040   0.0035   0.0031   0.0027   0.0025   0.0022   0.0020
                                    0.0018   0.0016   0.0015   0.0013   0.0011   0.0010   0.0000   0.0000
                                    0.0000   0.0000   0.0000   0.0000   0.0000   0.0000   0.0000   0.0000
                                    0.0000   0.0000   0.0000   0.0000   0.0000   0.0000


F(000)  for X-rays    :     267.9965
F(000)  for neutrons  :    -116.6010


Equations induced by symmetry :

x[La1]=0
y[La1]=0
z[La1]=0.5
y[H2]=x[H2]
z[H2]=1-x[H2]
x[H3]=0.25
y[H3]=0.25
z[H3]=0.25
alpha=90
beta=90
gamma=90
b=a
c=a

*************************************
* User defined constrains/restrains *
*************************************

None



Refinement program                                                                                                  page=  4
structure :                                                                                                22:33:38 18-02-21 


******************************
* User defined keep commands *
******************************

None

Last screen information window:

--------------------------------------------------------------------------
|Profile R factors :[2009/1+0],    Damping factor:   1.0000              |
|GOF   =  3.37 Rp    = 26.33 wRp    = 40.56                              |
|Last wRp: 41.69 40.61 40.56 40.56 40.56                                 |
|Maximum change/s.u. :    0.0196 for a                                   |
--------------------------------------------------------------------------

**********************
* R-factors overview *
**********************

Cycle    Rp      wRp     cRp    cwRp   npnts   nppwd      np  npnts/np    damp   gof av ch/su       max ch/su                   
  0    28.62   41.69   31.80   44.90    2009       1       1  2009.000 1.0000   3.46   9.2017     9.2017 a                      
  1    26.66   40.61   29.61   43.74    2009       1       1  2009.000 1.0000   3.37   2.1419     2.1419 a                      
  2    26.38   40.56   29.30   43.68    2009       1       1  2009.000 1.0000   3.37   0.4525     0.4525 a                      
  3    26.33   40.56   29.25   43.68    2009       1       1  2009.000 1.0000   3.37   0.0952     0.0952 a                      
  4    26.33   40.56   29.24   43.68    2009       1       1  2009.000 1.0000   3.37   0.0196     0.0196 a                      
  5    26.33   40.56   29.24   43.68    2009       1       1  2009.000                                                          

























Refinement program                                                                                                  page=  5
structure :                                                                                                22:33:38 18-02-21 


********************
* Changes overview *
********************

More realisitic s.u.'s can be achieved by applying the Berar's factor :    8.103
The correction hasn't been applied

           PrfScale
   0        0.061387   0.00
   1        0.061760   0.00
   2        0.061784   0.00
   3        0.061786   0.00
   4        0.061786   0.00
   5        0.061787
  su        0.000000
================================================================================================================================
           TOverall   sclam/2
   0        0.000000  0.000000   0.00
   1        0.000000  0.000000   0.00
   2        0.000000  0.000000   0.00
   3        0.000000  0.000000   0.00
   4        0.000000  0.000000   0.00
   5        0.000000  0.000000
  su        0.000000  0.000000
================================================================================================================================
             shift     sycos     sysin
   0        0.000000  0.000000  0.000000   0.00
   1        0.000000  0.000000  0.000000   0.00
   2        0.000000  0.000000  0.000000   0.00
   3        0.000000  0.000000  0.000000   0.00
   4        0.000000  0.000000  0.000000   0.00
   5        0.000000  0.000000  0.000000
  su        0.000000  0.000000  0.000000
================================================================================================================================
             bckg1     bckg2     bckg3     bckg4     bckg5
   0        9.065825  1.671036 -8.524313 -1.475070 -0.507065   0.00
   1        9.065825  1.671036 -8.524313 -1.475070 -0.507065   0.00
   2        9.065825  1.671036 -8.524313 -1.475070 -0.507065   0.00
   3        9.065825  1.671036 -8.524313 -1.475070 -0.507065   0.00
   4        9.065825  1.671036 -8.524313 -1.475070 -0.507065   0.00
   5        9.065825  1.671036 -8.524313 -1.475070 -0.507065
  su        0.000000  0.000000  0.000000  0.000000  0.000000
================================================================================================================================








Refinement program                                                                                                  page=  6
structure :                                                                                                22:33:38 18-02-21 

               a         b         c       alpha     beta      gamma     Volume    Density
   0        4.846751* 4.846751  4.846751  90.00000  90.00000  90.00000  113.8550  8.691525   9.20
   1        4.851526* 4.851526  4.851526  90.00000  90.00000  90.00000  114.1919  8.665886   2.14
   2        4.852592* 4.852592  4.852592  90.00000  90.00000  90.00000  114.2671  8.660177   0.45
   3        4.852816* 4.852816  4.852816  90.00000  90.00000  90.00000  114.2830  8.658978   0.10
   4        4.852863* 4.852863  4.852863  90.00000  90.00000  90.00000  114.2863  8.658725   0.02
   5        4.852873  4.852873  4.852873  90.00000  90.00000  90.00000  114.2870  8.658674
  su        0.000495  0.000000  0.000000   0.00000   0.00000   0.00000    0.0117  0.000884
================================================================================================================================
              GU        GV        GW        GP
   0        39025.16 -9077.312  394.9670  0.000000   0.00
   1        39025.16 -9077.312  394.9670  0.000000   0.00
   2        39025.16 -9077.312  394.9670  0.000000   0.00
   3        39025.16 -9077.312  394.9670  0.000000   0.00
   4        39025.16 -9077.312  394.9670  0.000000   0.00
   5        39025.16 -9077.312  394.9670  0.000000
  su            0.00     0.000    0.0000  0.000000
================================================================================================================================
              LX        LXe       LY        LYe
   0        0.000000  0.000000  6.158827  0.000000   0.00
   1        0.000000  0.000000  6.158827  0.000000   0.00
   2        0.000000  0.000000  6.158827  0.000000   0.00
   3        0.000000  0.000000  6.158827  0.000000   0.00
   4        0.000000  0.000000  6.158827  0.000000   0.00
   5        0.000000  0.000000  6.158827  0.000000
  su        0.000000  0.000000  0.000000  0.000000
================================================================================================================================

There were no correlations larger than  0.900 in the last refinement cycle























Refinement program                                                                                                  page=  7
structure :                                                                                                22:33:38 18-02-21 



Program started at 22:33:39 ended   at 22:33:42 cpu time :      2.64

















































