Refinement program                                                                                                  page=  1
structure :                                                                                                11:41:16 15-02-21 

The following lines were read as a control data : 
=>cycles 3 autkeys 0 dolebail 1<=                                                    

******************
* Run parameters *
******************

Profile refinement (le Bail) in 3 cycles will be performed
The refinement will stop if max(change/s.u.)<0.05
The damping factor will be reduced by the factor 2 if wRp is larger by more than 10% from the previous value
In the case that in 3 consecutive cycles refinement converge, the damping factor will change back
Atoms reaching Uiso>0.2 will be disabled from the refinement
Calculation of sig(I) is as minimum from profile fit and error propagation formula                                              
Only not-matching reflections flagged by # (see below) will be printed
Print of reflections after last cycle of refinement
Reflections with I<3sig(I) will be classified as unobserved - flag *
Reflections with |Fo-Fc|>3sig(I) will be flagged by #
Correlations larger than 0.9 will be printed
Automatic procedure for setting of refinement keys will be applied

*********************
* Powder parameters *
*********************

5 terms of Legendre polynoms will be used to describe background
Pseudo-Voigt profile function
The profile is cut outside 8*FWHM range
Weighting function will be used during leBail decomposition

*************
* Radiation *
*************

Radiation type: X-rays synchrotron
Wave length:   0.41300

******************
* Structure data *
******************

Cell parameters       :     4.8126    4.7242    4.9264    90.590    88.363    87.070    Volume :      111.8
Reciprocal parameters :   0.208149  0.211968  0.203084    89.325    91.669    92.949    Volume :   0.008944

Non-centrosymmetric space group: P1  Number : 1

List of centring vectors:

  0.000000  0.000000  0.000000

Symmetry operators:

     x    y    z
Refinement program                                                                                                  page=  2
structure :                                                                                                11:41:16 15-02-21 


                           Source and type of used form-factors

La       -1.225   0.946          Atomic scattering tables - in steps as in IT, vol.C
                                   57.0000  56.9260  56.7080  56.3600  55.9000  55.3510  54.7360  54.0760
                                   53.3880  52.6870  51.9820  51.2780  50.5800  49.8880  49.2020  48.5230
                                   47.8490  47.1820  46.5190  45.8620  45.2120  43.9320  42.6860  42.0780
                                   41.4810  40.3210  39.2120  38.1530  37.1450  36.6590  36.1850  35.2700
                                   34.3970  33.5620  32.7600  32.3700  31.9880  31.2430  30.5230  28.8170
                                   27.2310  25.7590  24.4010  22.0310  20.1060  18.5610  17.3000  16.2270
                                   15.2650  14.3620  13.4890  12.6360  11.8070  11.0090  10.2530   9.5500
                                    6.9170   5.5500   4.8200   4.2700   3.2400   2.4100

H         0.000   0.000          Atomic scattering tables - in steps as in IT, vol.C
                                    1.0000   0.9924   0.9704   0.9352   0.8892   0.8350   0.7752   0.7125
                                    0.6492   0.5871   0.5277   0.4201   0.3301   0.2573   0.1998   0.1552
                                    0.1208   0.0945   0.0744   0.0592   0.0474   0.0383   0.0311   0.0254
                                    0.0208   0.0171   0.0140   0.0116   0.0096   0.0080   0.0066   0.0056
                                    0.0047   0.0040   0.0035   0.0031   0.0027   0.0025   0.0022   0.0020
                                    0.0018   0.0016   0.0015   0.0013   0.0011   0.0010   0.0000   0.0000
                                    0.0000   0.0000   0.0000   0.0000   0.0000   0.0000   0.0000   0.0000
                                    0.0000   0.0000   0.0000   0.0000   0.0000   0.0000


F(000)  for X-rays    :     556.0000
F(000)  for neutrons  :    -307.9801


*************************************
* User defined constrains/restrains *
*************************************

None

******************************
* User defined keep commands *
******************************

None

Last screen information window:

--------------------------------------------------------------------------
|Profile R factors :[2006/3+0],    Damping factor:   1.0000              |
|GOF   =  2.06 Rp    = 13.27 wRp    = 31.10                              |
|Last wRp: 31.28 31.13 31.11                                             |
|Maximum change/s.u. :    1.1005 for a                                   |
--------------------------------------------------------------------------




Refinement program                                                                                                  page=  3
structure :                                                                                                11:41:16 15-02-21 


**********************
* R-factors overview *
**********************

Cycle    Rp      wRp     cRp    cwRp   npnts   nppwd      np  npnts/np    damp   gof av ch/su       max ch/su                   
  0    13.18   31.28   14.77   33.98    2006       3       3   668.667 1.0000   2.07   1.3206     3.4079 c                      
  1    13.22   31.13   14.81   33.82    2006       3       3   668.667 1.0000   2.06   0.8294     1.0963 a                      
  2    13.28   31.11   14.88   33.80    2006       3       3   668.667 1.0000   2.06   0.7093     1.1005 a                      
  3    13.27   31.10   14.86   33.78    2006       3       3   668.667                                                          










































Refinement program                                                                                                  page=  4
structure :                                                                                                11:41:16 15-02-21 


********************
* Changes overview *
********************

More realisitic s.u.'s can be achieved by applying the Berar's factor :    5.290
The correction hasn't been applied

           PrfScale
   0        0.073192   0.00
   1        0.073081   0.00
   2        0.072971   0.00
   3        0.072885
  su        0.000000
================================================================================================================================
           TOverall   sclam/2
   0        0.000000  0.000000   0.00
   1        0.000000  0.000000   0.00
   2        0.000000  0.000000   0.00
   3        0.000000  0.000000
  su        0.000000  0.000000
================================================================================================================================
             shift     sycos     sysin
   0        0.000000  0.000000  0.000000   0.00
   1        0.000000  0.000000  0.000000   0.00
   2        0.000000  0.000000  0.000000   0.00
   3        0.000000  0.000000  0.000000
  su        0.000000  0.000000  0.000000
================================================================================================================================
             bckg1     bckg2     bckg3     bckg4     bckg5
   0        5.093344  0.041808 -4.145637 -0.019618 -0.872124   0.00
   1        5.093344  0.041808 -4.145637 -0.019618 -0.872124   0.00
   2        5.093344  0.041808 -4.145637 -0.019618 -0.872124   0.00
   3        5.093344  0.041808 -4.145637 -0.019618 -0.872124
  su        0.000000  0.000000  0.000000  0.000000  0.000000
================================================================================================================================
               a         b         c       alpha     beta      gamma     Volume    Density
   0        4.812593  4.724205  4.926428* 90.59018  88.36311  87.06959  111.8058  18.00141   3.41
   1        4.813269* 4.724070  4.929310  90.59018  88.36311  87.06959  111.8837  17.98887   1.10
   2        4.814848* 4.724523  4.930227  90.59018  88.36311  87.06959  111.9520  17.97791   1.10
   3        4.816445  4.725336  4.930630  90.59018  88.36311  87.06959  112.0175  17.96739
  su        0.001451  0.001481  0.000841   0.00000   0.00000   0.00000    0.0366   0.00587
================================================================================================================================
              GU        GV        GW        GP
   0        64765.78 -11006.96  409.5823  0.000000   0.00
   1        64765.78 -11006.96  409.5823  0.000000   0.00
   2        64765.78 -11006.96  409.5823  0.000000   0.00
   3        64765.78 -11006.96  409.5823  0.000000
  su            0.00      0.00    0.0000  0.000000
================================================================================================================================


Refinement program                                                                                                  page=  5
structure :                                                                                                11:41:16 15-02-21 

              LX        LXe       LY        LYe
   0        0.000000  0.000000  34.81232  0.000000   0.00
   1        0.000000  0.000000  34.81232  0.000000   0.00
   2        0.000000  0.000000  34.81232  0.000000   0.00
   3        0.000000  0.000000  34.81232  0.000000
  su        0.000000  0.000000   0.00000  0.000000
================================================================================================================================

There were no correlations larger than  0.900 in the last refinement cycle











































Refinement program                                                                                                  page=  6
structure :                                                                                                11:41:16 15-02-21 



Program started at 11:41:17 ended   at 11:41:19 cpu time :      2.14

















































