Refinement program                                                                                                  page=  1
structure :                                                                                                10:51:24 15-02-21 

The following lines were read as a control data : 
=>autkeys 0 dolebail 1<=                                                             

******************
* Run parameters *
******************

Profile refinement (le Bail) in 10 cycles will be performed
The refinement will stop if max(change/s.u.)<0.05
The damping factor will be reduced by the factor 2 if wRp is larger by more than 10% from the previous value
In the case that in 3 consecutive cycles refinement converge, the damping factor will change back
Atoms reaching Uiso>0.2 will be disabled from the refinement
Calculation of sig(I) is as minimum from profile fit and error propagation formula                                              
Only not-matching reflections flagged by # (see below) will be printed
Print of reflections after last cycle of refinement
Reflections with I<3sig(I) will be classified as unobserved - flag *
Reflections with |Fo-Fc|>3sig(I) will be flagged by #
Correlations larger than 0.9 will be printed
Automatic procedure for setting of refinement keys will be applied

*********************
* Powder parameters *
*********************

5 terms of Legendre polynoms will be used to describe background
Pseudo-Voigt profile function
The profile is cut outside 8*FWHM range
Weighting function will be used during leBail decomposition

*************
* Radiation *
*************

Radiation type: X-rays synchrotron
Wave length:   0.41300

******************
* Structure data *
******************

Cell parameters       :     4.8157    4.7074    4.8905    90.948    88.407    87.156    Volume :      110.7
Reciprocal parameters :   0.207998  0.212728  0.204591    88.971    91.642    92.872    Volume :   0.009036

Non-centrosymmetric space group: P1  Number : 1

List of centring vectors:

  0.000000  0.000000  0.000000

Symmetry operators:

     x    y    z
Refinement program                                                                                                  page=  2
structure :                                                                                                10:51:24 15-02-21 


                           Source and type of used form-factors

La       -1.225   0.946          Atomic scattering tables - in steps as in IT, vol.C
                                   57.0000  56.9260  56.7080  56.3600  55.9000  55.3510  54.7360  54.0760
                                   53.3880  52.6870  51.9820  51.2780  50.5800  49.8880  49.2020  48.5230
                                   47.8490  47.1820  46.5190  45.8620  45.2120  43.9320  42.6860  42.0780
                                   41.4810  40.3210  39.2120  38.1530  37.1450  36.6590  36.1850  35.2700
                                   34.3970  33.5620  32.7600  32.3700  31.9880  31.2430  30.5230  28.8170
                                   27.2310  25.7590  24.4010  22.0310  20.1060  18.5610  17.3000  16.2270
                                   15.2650  14.3620  13.4890  12.6360  11.8070  11.0090  10.2530   9.5500
                                    6.9170   5.5500   4.8200   4.2700   3.2400   2.4100

H         0.000   0.000          Atomic scattering tables - in steps as in IT, vol.C
                                    1.0000   0.9924   0.9704   0.9352   0.8892   0.8350   0.7752   0.7125
                                    0.6492   0.5871   0.5277   0.4201   0.3301   0.2573   0.1998   0.1552
                                    0.1208   0.0945   0.0744   0.0592   0.0474   0.0383   0.0311   0.0254
                                    0.0208   0.0171   0.0140   0.0116   0.0096   0.0080   0.0066   0.0056
                                    0.0047   0.0040   0.0035   0.0031   0.0027   0.0025   0.0022   0.0020
                                    0.0018   0.0016   0.0015   0.0013   0.0011   0.0010   0.0000   0.0000
                                    0.0000   0.0000   0.0000   0.0000   0.0000   0.0000   0.0000   0.0000
                                    0.0000   0.0000   0.0000   0.0000   0.0000   0.0000


F(000)  for X-rays    :     556.0000
F(000)  for neutrons  :    -307.9801


*************************************
* User defined constrains/restrains *
*************************************

None

******************************
* User defined keep commands *
******************************

None

Last screen information window:

--------------------------------------------------------------------------
|Profile R factors :[2011/6+0],    Damping factor:   1.0000              |
|GOF   =  2.43 Rp    = 14.93 wRp    = 35.46                              |
|Last wRp: 35.42 35.42 35.44 35.44 35.44 35.45 35.45 35.46               |
|Maximum change/s.u. :   -0.4812 for a                                   |
--------------------------------------------------------------------------




Refinement program                                                                                                  page=  3
structure :                                                                                                10:51:24 15-02-21 


**********************
* R-factors overview *
**********************

Cycle    Rp      wRp     cRp    cwRp   npnts   nppwd      np  npnts/np    damp   gof av ch/su       max ch/su                   
  5    14.90   35.44   16.59   38.45    2011       6       6   335.167 1.0000   2.43   0.2513    -0.4966 a                      
  6    14.91   35.44   16.60   38.46    2011       6       6   335.167 1.0000   2.43   0.2485    -0.4938 a                      
  7    14.92   35.45   16.61   38.46    2011       6       6   335.167 1.0000   2.43   0.2486    -0.4904 a                      
  8    14.93   35.45   16.62   38.47    2011       6       6   335.167 1.0000   2.43   0.2473    -0.4861 a                      
  9    14.94   35.46   16.63   38.48    2011       6       6   335.167 1.0000   2.43   0.2447    -0.4812 a                      
 10    14.93   35.46   16.62   38.47    2011       6       6   335.167                                                          








































Refinement program                                                                                                  page=  4
structure :                                                                                                10:51:24 15-02-21 


********************
* Changes overview *
********************

More realisitic s.u.'s can be achieved by applying the Berar's factor :    5.331
The correction hasn't been applied

           PrfScale
   5        0.070978   0.00
   6        0.071067   0.00
   7        0.071154   0.00
   8        0.071234   0.00
   9        0.071316   0.00
  10        0.071399
  su        0.000000
================================================================================================================================
           TOverall   sclam/2
   5        0.000000  0.000000   0.00
   6        0.000000  0.000000   0.00
   7        0.000000  0.000000   0.00
   8        0.000000  0.000000   0.00
   9        0.000000  0.000000   0.00
  10        0.000000  0.000000
  su        0.000000  0.000000
================================================================================================================================
             shift     sycos     sysin
   5        0.000000  0.000000  0.000000   0.00
   6        0.000000  0.000000  0.000000   0.00
   7        0.000000  0.000000  0.000000   0.00
   8        0.000000  0.000000  0.000000   0.00
   9        0.000000  0.000000  0.000000   0.00
  10        0.000000  0.000000  0.000000
  su        0.000000  0.000000  0.000000
================================================================================================================================
             bckg1     bckg2     bckg3     bckg4     bckg5
   5        5.466136  0.020079 -5.495118  0.966107  1.038561   0.00
   6        5.466136  0.020079 -5.495118  0.966107  1.038561   0.00
   7        5.466136  0.020079 -5.495118  0.966107  1.038561   0.00
   8        5.466136  0.020079 -5.495118  0.966107  1.038561   0.00
   9        5.466136  0.020079 -5.495118  0.966107  1.038561   0.00
  10        5.466136  0.020079 -5.495118  0.966107  1.038561
  su        0.000000  0.000000  0.000000  0.000000  0.000000
================================================================================================================================








Refinement program                                                                                                  page=  5
structure :                                                                                                10:51:24 15-02-21 

               a         b         c       alpha     beta      gamma     Volume    Density
   5        4.811967* 4.705093  4.889433  90.89566  88.39339  87.17635  110.5065  18.21306  -0.50
   6        4.811241* 4.704660  4.889228  90.88593  88.38886  87.17675  110.4752  18.21824  -0.49
   7        4.810515* 4.704232  4.889025  90.87639  88.38418  87.17658  110.4439  18.22340  -0.49
   8        4.809790* 4.703810  4.888824  90.86694  88.37943  87.17605  110.4128  18.22852  -0.49
   9        4.809068* 4.703396  4.888626  90.85758  88.37469  87.17533  110.3820  18.23361  -0.48
  10        4.808349  4.702991  4.888431  90.84825  88.37005  87.17449  110.3515  18.23864
  su        0.001495  0.001498  0.000988   0.02891   0.02788   0.02752    0.0424   0.00701
================================================================================================================================
              GU        GV        GW        GP
   5        4700.216 -1527.400  109.9407  0.000000   0.00
   6        4700.216 -1527.400  109.9407  0.000000   0.00
   7        4700.216 -1527.400  109.9407  0.000000   0.00
   8        4700.216 -1527.400  109.9407  0.000000   0.00
   9        4700.216 -1527.400  109.9407  0.000000   0.00
  10        4700.216 -1527.400  109.9407  0.000000
  su           0.000     0.000    0.0000  0.000000
================================================================================================================================
              LX        LXe       LY        LYe
   5        0.000000  0.000000  94.42984  0.000000   0.00
   6        0.000000  0.000000  94.42984  0.000000   0.00
   7        0.000000  0.000000  94.42984  0.000000   0.00
   8        0.000000  0.000000  94.42984  0.000000   0.00
   9        0.000000  0.000000  94.42984  0.000000   0.00
  10        0.000000  0.000000  94.42984  0.000000
  su        0.000000  0.000000   0.00000  0.000000
================================================================================================================================

There were no correlations larger than  0.900 in the last refinement cycle























Refinement program                                                                                                  page=  6
structure :                                                                                                10:51:24 15-02-21 



Program started at 10:51:25 ended   at 10:51:32 cpu time :      5.03

















































