Refinement program                                                                                                  page=  1
structure :                                                                                                10:12:47 15-02-21 

The following lines were read as a control data : 
=>cycles 3 dolebail 1<=                                                              

******************
* Run parameters *
******************

Profile refinement (le Bail) in 3 cycles will be performed
The refinement will stop if max(change/s.u.)<0.05
The damping factor will be reduced by the factor 2 if wRp is larger by more than 10% from the previous value
In the case that in 3 consecutive cycles refinement converge, the damping factor will change back
Atoms reaching Uiso>0.2 will be disabled from the refinement
Calculation of sig(I) is as minimum from profile fit and error propagation formula                                              
Only not-matching reflections flagged by # (see below) will be printed
Print of reflections after last cycle of refinement
Reflections with I<3sig(I) will be classified as unobserved - flag *
Reflections with |Fo-Fc|>3sig(I) will be flagged by #
Correlations larger than 0.9 will be printed
Automatic procedure for setting of refinement keys will be applied
Automatic procedure for setting of restrictions on atoms/molecules at special positions will applied

*********************
* Powder parameters *
*********************

5 terms of Legendre polynoms will be used to describe background
Pseudo-Voigt profile function
The profile is cut outside 8*FWHM range
Weighting function will be used during leBail decomposition

*************
* Radiation *
*************

Radiation type: X-rays synchrotron
Wave length:   0.41300

******************
* Structure data *
******************

Cell parameters       :     4.8533    4.7184    4.8875    90.974    87.513    86.867    Volume :      111.6
Reciprocal parameters :   0.206558  0.212291  0.204837    88.888    92.545    93.179    Volume :   0.008958

Non-centrosymmetric space group: P1  Number : 1

List of centring vectors:

  0.000000  0.000000  0.000000

Symmetry operators:

Refinement program                                                                                                  page=  2
structure :                                                                                                10:12:47 15-02-21 

     x    y    z

                           Source and type of used form-factors

La       -1.225   0.946          Atomic scattering tables - in steps as in IT, vol.C
                                   57.0000  56.9260  56.7080  56.3600  55.9000  55.3510  54.7360  54.0760
                                   53.3880  52.6870  51.9820  51.2780  50.5800  49.8880  49.2020  48.5230
                                   47.8490  47.1820  46.5190  45.8620  45.2120  43.9320  42.6860  42.0780
                                   41.4810  40.3210  39.2120  38.1530  37.1450  36.6590  36.1850  35.2700
                                   34.3970  33.5620  32.7600  32.3700  31.9880  31.2430  30.5230  28.8170
                                   27.2310  25.7590  24.4010  22.0310  20.1060  18.5610  17.3000  16.2270
                                   15.2650  14.3620  13.4890  12.6360  11.8070  11.0090  10.2530   9.5500
                                    6.9170   5.5500   4.8200   4.2700   3.2400   2.4100

H         0.000   0.000          Atomic scattering tables - in steps as in IT, vol.C
                                    1.0000   0.9924   0.9704   0.9352   0.8892   0.8350   0.7752   0.7125
                                    0.6492   0.5871   0.5277   0.4201   0.3301   0.2573   0.1998   0.1552
                                    0.1208   0.0945   0.0744   0.0592   0.0474   0.0383   0.0311   0.0254
                                    0.0208   0.0171   0.0140   0.0116   0.0096   0.0080   0.0066   0.0056
                                    0.0047   0.0040   0.0035   0.0031   0.0027   0.0025   0.0022   0.0020
                                    0.0018   0.0016   0.0015   0.0013   0.0011   0.0010   0.0000   0.0000
                                    0.0000   0.0000   0.0000   0.0000   0.0000   0.0000   0.0000   0.0000
                                    0.0000   0.0000   0.0000   0.0000   0.0000   0.0000


F(000)  for X-rays    :     556.0000
F(000)  for neutrons  :    -307.9801


*************************************
* User defined constrains/restrains *
*************************************

None

******************************
* User defined keep commands *
******************************

None

Last screen information window:

--------------------------------------------------------------------------
|Profile R factors :[1993/6+1],    Damping factor:   1.0000              |
|GOF   =  1.88 Rp    = 12.89 wRp    = 23.30                              |
|Last wRp: 23.32 23.28 23.29                                             |
|Maximum change/s.u. :   -1.7123 for bckg2                               |
--------------------------------------------------------------------------



Refinement program                                                                                                  page=  3
structure :                                                                                                10:12:47 15-02-21 


**********************
* R-factors overview *
**********************

Cycle    Rp      wRp     cRp    cwRp   npnts   nppwd      np  npnts/np    damp   gof av ch/su       max ch/su                   
  0    12.70   23.32   11.17   16.91    1993       6       7   284.714 1.0000   1.88   2.2552     2.8869 GU                     
  1    12.79   23.28   11.22   16.70    1993       6       7   284.714 1.0000   1.88   1.8252    -1.9795 bckg2                  
  2    12.86   23.29   11.25   16.56    1993       6       7   284.714 1.0000   1.88   1.5582    -1.7123 bckg2                  
  3    12.89   23.30   11.25   16.44    1993       6       7   284.714                                                          










































Refinement program                                                                                                  page=  4
structure :                                                                                                10:12:47 15-02-21 


********************
* Changes overview *
********************

More realisitic s.u.'s can be achieved by applying the Berar's factor :    6.253
The correction hasn't been applied

           PrfScale
   0        0.119397*  5.03
   1        0.120236*  4.77
   2        0.120750*  4.53
   3        0.121065
  su        0.000356
================================================================================================================================
           TOverall   sclam/2
   0        0.000000  0.000000   0.00
   1        0.000000  0.000000   0.00
   2        0.000000  0.000000   0.00
   3        0.000000  0.000000
  su        0.000000  0.000000
================================================================================================================================
             shift     sycos     sysin
   0        0.000000  0.000000  0.000000   0.00
   1        0.000000  0.000000  0.000000   0.00
   2        0.000000  0.000000  0.000000   0.00
   3        0.000000  0.000000  0.000000
  su        0.000000  0.000000  0.000000
================================================================================================================================
             bckg1     bckg2     bckg3     bckg4     bckg5
   0       -8.768074 -14.62384*-3.541147  12.95598  11.78143  -2.40
   1       -8.987844 -15.02802*-3.698829  13.31639  12.13920  -1.98
   2       -9.167180 -15.36291*-3.824434  13.60530  12.42104  -1.71
   3       -9.321850 -15.65412 -3.930887  13.84991  12.65425
  su        0.150006   0.17007  0.225319   0.20437   0.23451
================================================================================================================================
               a         b         c       alpha     beta      gamma     Volume    Density
   0        4.853299  4.718449  4.887457  90.97366  87.51269  86.86690  111.6294  18.02987   0.00
   1        4.853299  4.718449  4.887457  90.97366  87.51269  86.86690  111.6294  18.02987   0.00
   2        4.853299  4.718449  4.887457  90.97366  87.51269  86.86690  111.6294  18.02987   0.00
   3        4.853299  4.718449  4.887457  90.97366  87.51269  86.86690  111.6294  18.02987
  su        0.000000  0.000000  0.000000   0.00000   0.00000   0.00000    0.0000   0.00000
================================================================================================================================
              GU        GV        GW        GP
   0        3094.463*-102.5798  40.64679  0.000000   2.89
   1        3444.819*-102.5798  40.64679  0.000000   1.65
   2        3650.865*-102.5798  40.64679  0.000000   0.97
   3        3774.161 -102.5798  40.64679  0.000000
  su         126.719    0.0000   0.00000  0.000000
================================================================================================================================


Refinement program                                                                                                  page=  5
structure :                                                                                                10:12:47 15-02-21 

              LX        LXe       LY        LYe
   0        0.000000  0.000000  54.72237  0.000000   0.00
   1        0.000000  0.000000  54.72237  0.000000   0.00
   2        0.000000  0.000000  54.72237  0.000000   0.00
   3        0.000000  0.000000  54.72237  0.000000
  su        0.000000  0.000000   0.00000  0.000000
================================================================================================================================

There were no correlations larger than  0.900 in the last refinement cycle











































Refinement program                                                                                                  page=  6
structure :                                                                                                10:12:47 15-02-21 



Program started at 10:12:47 ended   at 10:12:50 cpu time :      2.11

















































